[OJ Dispatcher]

<Version: 1.0.0>

[Success] Listening on port 9500
[OJ Grader]

<Version: 1.0.0>

[Success] Connection established.
ReadKey OK
ReadOpcode OK
Opcode: 1
ReadLen OK
Length: 1
Received 
Received 1
Grader connected!
ReadKey OK
ReadOpcode OK
Opcode: 57
Received heartbeat
ReadKey OK
ReadOpcode OK
Opcode: 57
Received heartbeat
ReadKey OK
ReadOpcode OK
Opcode: 57
Received heartbeat
ReadKey OK
ReadOpcode OK
Opcode: 57
Received heartbeat
ReadKey OK
ReadOpcode OK
Opcode: 57
Received heartbeat
ReadKey OK
ReadOpcode OK
Opcode: 57
Received heartbeat
ReadKey OK
ReadOpcode OK
Opcode: 57
Received heartbeat
ReadKey OK
ReadOpcode OK
Opcode: 57
Received heartbeat
ReadKey OK
ReadOpcode OK
Opcode: 57
Received heartbeat
ReadKey OK
ReadOpcode OK
Opcode: 57
Received heartbeat
ReadKey OK
ReadOpcode OK
Opcode: 57
Received heartbeat
ReadKey OK
ReadOpcode OK
Opcode: 57
Received heartbeat
ReadKey OK
ReadOpcode OK
Opcode: 57
Received heartbeat
ReadKey OK
ReadOpcode OK
Opcode: 57
Received heartbeat
ReadKey OK
ReadOpcode OK
Opcode: 57
Received heartbeat
ReadKey OK
ReadOpcode OK
Opcode: 57
Received heartbeat
ReadKey OK
ReadOpcode OK
Opcode: 57
Received heartbeat
ReadKey OK
ReadOpcode OK
Opcode: 57
Received heartbeat
ReadKey OK
ReadOpcode OK
Opcode: 57
Received heartbeat
ReadKey OK
ReadOpcode OK
Opcode: 57
Received heartbeat
ReadKey OK
ReadOpcode OK
Opcode: 57
Received heartbeat
ReadKey OK
ReadOpcode OK
Opcode: 57
Received heartbeat
[33m[nodemon] 1.8.1[39m
[33m[nodemon] to restart at any time, enter `rs`[39m
[33m[nodemon] watching: *.*[39m
[32m[nodemon] starting `node server.js`[39m
events.js:154
      throw er; // Unhandled 'error' event
      ^

Error: EBADF: bad file descriptor, read
    at Error (native)
[Fri Mar 04 2016 17:20:08] [LOG]   HTTP Listening on port 5606 @ localhost in development mode.
[Fri Mar 04 2016 17:20:08] [LOG]   HTTPS Listening on port 8443 @ localhost in development mode.
[Fri Mar 04 2016 17:20:11] [LOG]   socket connected id: /#HWsHqlqIy6CaMELGAAAA
[33m[nodemon] 1.8.1[39m
[33m[nodemon] to restart at any time, enter `rs`[39m
[33m[nodemon] watching: *.*[39m
[32m[nodemon] starting `node server.js`[39m
events.js:154
      throw er; // Unhandled 'error' event
      ^

Error: EBADF: bad file descriptor, read
    at Error (native)
[Fri Mar 04 2016 17:20:14] [LOG]   HTTP Listening on port 5606 @ localhost in development mode.
[Fri Mar 04 2016 17:20:14] [LOG]   HTTPS Listening on port 8443 @ localhost in development mode.
events.js:154
      throw er; // Unhandled 'error' event
      ^

Error: listen EADDRINUSE :::5606
    at Object.exports._errnoException (util.js:856:11)
    at exports._exceptionWithHostPort (util.js:879:20)
    at Server._listen2 (net.js:1231:14)
    at listen (net.js:1267:10)
    at Server.listen (net.js:1363:5)
    at /root/oj/ojdev-nodejs/server.js:24:46
    at _fulfilled (/root/oj/ojdev-nodejs/node_modules/q/q.js:834:54)
    at self.promiseDispatch.done (/root/oj/ojdev-nodejs/node_modules/q/q.js:863:30)
    at Promise.promise.promiseDispatch (/root/oj/ojdev-nodejs/node_modules/q/q.js:796:13)
    at /root/oj/ojdev-nodejs/node_modules/q/q.js:604:44
ReadKey OK
ReadOpcode OK
Opcode: 57
Received heartbeat
ReadKey OK
ReadOpcode OK
Opcode: 57
Received heartbeat
ReadKey OK
ReadOpcode OK
Opcode: 57
Received heartbeat
ReadKey OK
ReadOpcode OK
Opcode: 57
Received heartbeat
ReadKey OK
ReadOpcode OK
Opcode: 57
Received heartbeat
ReadKey OK
ReadOpcode OK
Opcode: 57
Received heartbeat
ReadKey OK
ReadOpcode OK
Opcode: 57
Received heartbeat
ReadKey OK
ReadOpcode OK
Opcode: 57
Received heartbeat
ReadKey OK
ReadOpcode OK
Opcode: 57
Received heartbeat
ReadKey OK
ReadOpcode OK
Opcode: 57
Received heartbeat
ReadKey OK
ReadOpcode OK
Opcode: 57
Received heartbeat
ReadKey OK
ReadOpcode OK
Opcode: 57
Received heartbeat
ReadKey OK
ReadOpcode OK
Opcode: 57
Received heartbeat
ReadKey OK
ReadOpcode OK
Opcode: 57
Received heartbeat
ReadKey OK
ReadOpcode OK
Opcode: 57
Received heartbeat
ReadKey OK
ReadOpcode OK
Opcode: 57
Received heartbeat
ReadKey OK
ReadOpcode OK
Opcode: 57
Received heartbeat
ReadKey OK
ReadOpcode OK
Opcode: 57
Received heartbeat
ReadKey OK
ReadOpcode OK
Opcode: 57
Received heartbeat
ReadKey OK
ReadOpcode OK
Opcode: 57
Received heartbeat
ReadKey OK
ReadOpcode OK
Opcode: 57
Received heartbeat
ReadKey OK
ReadOpcode OK
Opcode: 57
Received heartbeat
ReadKey OK
ReadOpcode OK
Opcode: 57
Received heartbeat
ReadKey OK
ReadOpcode OK
Opcode: 57
Received heartbeat
ReadKey OK
ReadOpcode OK
Opcode: 57
Received heartbeat
ReadKey OK
ReadOpcode OK
Opcode: 57
Received heartbeat
ReadKey OK
ReadOpcode OK
Opcode: 57
Received heartbeat
ReadKey OK
ReadOpcode OK
Opcode: 57
Received heartbeat
